// Jest Snapshot v1, https://goo.gl/fbAQLP

exports[`renders navbar component 1`] = `
<div
  className="navbar"
>
  <nav>
    <ul>
      <li>
        <a
          href="/"
          onClick={[Function]}
        >
          Main Page
        </a>
      </li>
      <li>
        <a
          href="/emissions-info"
          onClick={[Function]}
        >
          Calculator Page
        </a>
      </li>
    </ul>
  </nav>
</div>
`;
